../Core/Src/main.c:119:5:main	24	static,ignoring_inline_asm
../Core/Src/main.c:387:6:SystemClock_Config	96	static
../Core/Src/main.c:438:13:MX_DFSDM1_Init	8	static
../Core/Src/main.c:491:13:MX_SPI3_Init	8	static
../Core/Src/main.c:531:13:MX_USART1_UART_Init	8	static
../Core/Src/main.c:564:13:MX_DMA_Init	16	static
../Core/Src/main.c:582:13:MX_GPIO_Init	48	static
../Core/Src/main.c:807:6:HAL_DFSDM_FilterRegConvHalfCpltCallback	16	static
../Core/Src/main.c:815:6:HAL_DFSDM_FilterRegConvCpltCallback	16	static
../Core/Src/main.c:824:12:wifi_init	40	static
../Core/Src/main.c:856:5:wifi_shareAP	24	static
../Core/Src/main.c:888:5:wifi_server	40	static
../Core/Src/main.c:933:13:WebServerProcess	24	static
../Core/Src/main.c:1015:22:SendWebPage	96	static
../Core/Src/main.c:1059:25:AT_ExecuteCommand	40	static
../Core/Src/main.c:1105:13:start_wifi_cli	112	static
../Core/Src/main.c:1149:6:Error_Handler	4	static,ignoring_inline_asm
